etÔøΩets Jul 29 2019 12:21:46

rst:0x1 (POWERON_RESET),boot:0x13 (SPI_FAST_FLASH_BOOT)
configsip: 0, SPIWP:0xee
clk_drv:0x00,q_drv:0x00,d_drv:0x00,cs0_drv:0x00,hd_drv:0x00,wp_drv:0x00
mode:DIO, clock div:2
load:0x3fff0030,len:7176
load:0x40078000,len:15564
ho 0 tail 12 room 4
load:0x40080400,len:4
load:0x40080404,len:3904
entry 0x40080640
[0;32mI (31) boot: ESP-IDF v5.3.1-dirty 2nd stage bootloader[0m
[0;32mI (31) boot: compile time Jun 28 2025 11:32:16[0m
[0;32mI (31) boot: Multicore bootloader[0m
[0;32mI (36) boot: chip revision: v3.1[0m
[0;32mI (40) boot.esp32: SPI Speed      : 40MHz[0m
[0;32mI (44) boot.esp32: SPI Mode       : DIO[0m
[0;32mI (49) boot.esp32: SPI Flash Size : 2MB[0m
[0;32mI (53) boot: Enabling RNG early entropy source...[0m
[0;32mI (59) boot: Partition Table:[0m
[0;32mI (62) boot: ## Label            Usage          Type ST Offset   Length[0m
[0;32mI (70) boot:  0 nvs              WiFi data        01 02 00009000 00006000[0m
[0;32mI (77) boot:  1 phy_init         RF data          01 01 0000f000 00001000[0m
[0;32mI (85) boot:  2 factory          factory app      00 00 00010000 00100000[0m
[0;32mI (92) boot: End of partition table[0m
[0;32mI (96) esp_image: segment 0: paddr=00010020 vaddr=3f400020 size=20a64h (133732) map[0m
[0;32mI (151) esp_image: segment 1: paddr=00030a8c vaddr=3ffbdb60 size=04c14h ( 19476) load[0m
[0;32mI (158) esp_image: segment 2: paddr=000356a8 vaddr=40080000 size=0a970h ( 43376) load[0m
[0;32mI (175) esp_image: segment 3: paddr=00040020 vaddr=400d0020 size=7aa68h (502376) map[0m
[0;32mI (348) esp_image: segment 4: paddr=000baa90 vaddr=4008a970 size=0cb00h ( 51968) load[0m
[0;32mI (380) boot: Loaded app from partition at offset 0x10000[0m
[0;32mI (380) boot: Disabling RNG early entropy source...[0m
[0;32mI (392) cpu_start: Multicore app[0m
[0;32mI (401) cpu_start: Pro cpu start user code[0m
[0;32mI (401) cpu_start: cpu freq: 160000000 Hz[0m
[0;32mI (401) app_init: Application information:[0m
[0;32mI (404) app_init: Project name:     gatt_server_demos[0m
[0;32mI (409) app_init: App version:      1[0m
[0;32mI (414) app_init: Compile time:     Jun 28 2025 11:32:08[0m
[0;32mI (420) app_init: ELF file SHA256:  34cb7446a...[0m
[0;32mI (425) app_init: ESP-IDF:          v5.3.1-dirty[0m
[0;32mI (430) efuse_init: Min chip rev:     v0.0[0m
[0;32mI (435) efuse_init: Max chip rev:     v3.99 [0m
[0;32mI (440) efuse_init: Chip rev:         v3.1[0m
[0;32mI (445) heap_init: Initializing. RAM available for dynamic allocation:[0m
[0;32mI (452) heap_init: At 3FFAFF10 len 000000F0 (0 KiB): DRAM[0m
[0;32mI (458) heap_init: At 3FFB6388 len 00001C78 (7 KiB): DRAM[0m
[0;32mI (464) heap_init: At 3FFB9A20 len 00004108 (16 KiB): DRAM[0m
[0;32mI (470) heap_init: At 3FFC7208 len 00018DF8 (99 KiB): DRAM[0m
[0;32mI (476) heap_init: At 3FFE0440 len 00003AE0 (14 KiB): D/IRAM[0m
[0;32mI (483) heap_init: At 3FFE4350 len 0001BCB0 (111 KiB): D/IRAM[0m
[0;32mI (489) heap_init: At 40097470 len 00008B90 (34 KiB): IRAM[0m
[0;32mI (497) spi_flash: detected chip: generic[0m
[0;32mI (500) spi_flash: flash io: dio[0m
[0;33mW (504) spi_flash: Detected size(4096k) larger than the size in the binary image header(2048k). Using the size in the binary image header.[0m
[0;32mI (518) coexist: coex firmware version: 4482466[0m
[0;32mI (523) main_task: Started on CPU0[0m
[0;32mI (533) main_task: Calling app_main()[0m
[0;32mI (543) BTDM_INIT: BT controller compile version [b022216][0m
[0;32mI (543) BTDM_INIT: Bluetooth MAC: 2c:bc:bb:0d:24:d2[0m
[0;32mI (543) phy_init: phy_version 4830,54550f7,Jun 20 2024,14:22:08[0m
[0;32mI (933) GATTS_DEMO: REGISTER_APP_EVT, status 0, app_id 0[0m
[0;31mE (963) dht: Initialization error, problem in phase 'B'[0m
[0;31mE (973) DHT_NOTIFY: ‚ùå Fallo al leer DHT11[0m
[0;32mI (973) GATTS_DEMO: CREATE_SERVICE_EVT, status 0,  service_handle 40[0m
[0;32mI (973) main_task: Returned from app_main()[0m
[0;32mI (993) GATTS_DEMO: SERVICE_START_EVT, status 0, service_handle 40[0m
[0;32mI (993) GATTS_DEMO: ADD_CHAR_EVT, status 0,  attr_handle 42, service_handle 40[0m
[0;32mI (993) GATTS_DEMO: the gatts demo char length = 3[0m
[0;32mI (1003) GATTS_DEMO: prf_char[0] =11[0m
[0;32mI (1003) GATTS_DEMO: prf_char[1] =22[0m
[0;32mI (1003) GATTS_DEMO: prf_char[2] =33[0m
[0;32mI (1013) GATTS_DEMO: ADD_DESCR_EVT, status 0, attr_handle 43, service_handle 40[0m
[0;33mW (3993) DHT_NOTIFY: ‚ö†Ô∏è Cliente no conectado.[0m
[0;33mW (7013) DHT_NOTIFY: ‚ö†Ô∏è Cliente no conectado.[0m
[0;33mW (10033) DHT_NOTIFY: ‚ö†Ô∏è Cliente no conectado.[0m
[0;33mW (13053) DHT_NOTIFY: ‚ö†Ô∏è Cliente no conectado.[0m
[0;33mW (16073) DHT_NOTIFY: ‚ö†Ô∏è Cliente no conectado.[0m
[0;33mW (19093) DHT_NOTIFY: ‚ö†Ô∏è Cliente no conectado.[0m
[0;33mW (22113) DHT_NOTIFY: ‚ö†Ô∏è Cliente no conectado.[0m
[0;33mW (25133) DHT_NOTIFY: ‚ö†Ô∏è Cliente no conectado.[0m
[0;33mW (28153) DHT_NOTIFY: ‚ö†Ô∏è Cliente no conectado.[0m
[0;32mI (28663) GATTS_DEMO: ESP_GATTS_CONNECT_EVT, conn_id 0, remote 08:d1:f9:cb:bd:3e:[0m
[0;32mI (28713) GATTS_DEMO: packet length updated: rx = 251, tx = 251, status = 0[0m
[0;32mI (28813) GATTS_DEMO: update connection params status = 0, min_int = 16, max_int = 32,conn_int = 32,latency = 0, timeout = 400[0m
[0;32mI (29843) GATTS_DEMO: ESP_GATTS_MTU_EVT, MTU 500[0m
[0;32mI (31173) GATTS_DEMO: ESP_GATTS_CONF_EVT, status 0 attr_handle 42[0m
[0;32mI (31173) DHT_NOTIFY: üîÅ Notificado: Temp: 30.0, Hum: 37.0[0m
[0;32mI (34203) GATTS_DEMO: ESP_GATTS_CONF_EVT, status 0 attr_handle 42[0m
[0;32mI (34213) DHT_NOTIFY: üîÅ Notificado: Temp: 30.0, Hum: 37.0[0m
[0;32mI (37233) GATTS_DEMO: ESP_GATTS_CONF_EVT, status 0 attr_handle 42[0m
[0;32mI (37233) DHT_NOTIFY: üîÅ Notificado: Temp: 30.0, Hum: 37.0[0m
[0;32mI (40263) GATTS_DEMO: ESP_GATTS_CONF_EVT, status 0 attr_handle 42[0m
[0;32mI (40263) DHT_NOTIFY: üîÅ Notificado: Temp: 30.0, Hum: 37.0[0m
[0;32mI (43293) GATTS_DEMO: ESP_GATTS_CONF_EVT, status 0 attr_handle 42[0m
[0;32mI (43303) DHT_NOTIFY: üîÅ Notificado: Temp: 30.0, Hum: 37.0[0m
[0;32mI (46323) GATTS_DEMO: ESP_GATTS_CONF_EVT, status 0 attr_handle 42[0m
[0;32mI (46333) DHT_NOTIFY: üîÅ Notificado: Temp: 30.0, Hum: 37.0[0m
[0;32mI (49353) GATTS_DEMO: ESP_GATTS_CONF_EVT, status 0 attr_handle 42[0m
[0;32mI (49353) DHT_NOTIFY: üîÅ Notificado: Temp: 30.0, Hum: 37.0[0m
[0;32mI (52383) GATTS_DEMO: ESP_GATTS_CONF_EVT, status 0 attr_handle 42[0m
[0;32mI (52383) DHT_NOTIFY: üîÅ Notificado: Temp: 30.0, Hum: 37.0[0m
